// Jest Snapshot v1, https://goo.gl/fbAQLP

exports[`Footer component Footer snapshot 1`] = `
Object {
  "asFragment": [Function],
  "baseElement": <body>
    <div>
      <footer
        id="footer"
      >
        <div
          class="container"
        >
          <div
            class="footer-inner"
          >
            <h2
              class="subtitle footer-title"
            >
              © 
              2024
              , Yurii Hnatiuk, wejderd1@gmail.com
            </h2>
            <div
              class="social-container"
            >
              <a
                class="social-links"
                href="https://www.facebook.com/groups/748009266201827/"
                rel="noopener noreferrer"
                target="_blank"
              >
                <i
                  class="fab fa-facebook-f"
                />
              </a>
              <a
                class="social-links"
                href="#"
              >
                <i
                  class="fab fa-instagram"
                />
              </a>
              <a
                class="social-links"
                href="#"
              >
                <i
                  class="fab fa-tiktok"
                />
              </a>
            </div>
          </div>
        </div>
      </footer>
    </div>
  </body>,
  "container": <div>
    <footer
      id="footer"
    >
      <div
        class="container"
      >
        <div
          class="footer-inner"
        >
          <h2
            class="subtitle footer-title"
          >
            © 
            2024
            , Yurii Hnatiuk, wejderd1@gmail.com
          </h2>
          <div
            class="social-container"
          >
            <a
              class="social-links"
              href="https://www.facebook.com/groups/748009266201827/"
              rel="noopener noreferrer"
              target="_blank"
            >
              <i
                class="fab fa-facebook-f"
              />
            </a>
            <a
              class="social-links"
              href="#"
            >
              <i
                class="fab fa-instagram"
              />
            </a>
            <a
              class="social-links"
              href="#"
            >
              <i
                class="fab fa-tiktok"
              />
            </a>
          </div>
        </div>
      </div>
    </footer>
  </div>,
  "debug": [Function],
  "findAllByAltText": [Function],
  "findAllByDisplayValue": [Function],
  "findAllByLabelText": [Function],
  "findAllByPlaceholderText": [Function],
  "findAllByRole": [Function],
  "findAllByTestId": [Function],
  "findAllByText": [Function],
  "findAllByTitle": [Function],
  "findByAltText": [Function],
  "findByDisplayValue": [Function],
  "findByLabelText": [Function],
  "findByPlaceholderText": [Function],
  "findByRole": [Function],
  "findByTestId": [Function],
  "findByText": [Function],
  "findByTitle": [Function],
  "getAllByAltText": [Function],
  "getAllByDisplayValue": [Function],
  "getAllByLabelText": [Function],
  "getAllByPlaceholderText": [Function],
  "getAllByRole": [Function],
  "getAllByTestId": [Function],
  "getAllByText": [Function],
  "getAllByTitle": [Function],
  "getByAltText": [Function],
  "getByDisplayValue": [Function],
  "getByLabelText": [Function],
  "getByPlaceholderText": [Function],
  "getByRole": [Function],
  "getByTestId": [Function],
  "getByText": [Function],
  "getByTitle": [Function],
  "queryAllByAltText": [Function],
  "queryAllByDisplayValue": [Function],
  "queryAllByLabelText": [Function],
  "queryAllByPlaceholderText": [Function],
  "queryAllByRole": [Function],
  "queryAllByTestId": [Function],
  "queryAllByText": [Function],
  "queryAllByTitle": [Function],
  "queryByAltText": [Function],
  "queryByDisplayValue": [Function],
  "queryByLabelText": [Function],
  "queryByPlaceholderText": [Function],
  "queryByRole": [Function],
  "queryByTestId": [Function],
  "queryByText": [Function],
  "queryByTitle": [Function],
  "rerender": [Function],
  "unmount": [Function],
}
`;
